// Jest Snapshot v1, https://goo.gl/fbAQLP

exports[`matches snapshot 1`] = `
<DocumentFragment>
  <div>
    <form>
      <label
        for="Add-Todo"
      >
        Add Todo: 
      </label>
      <input
        id="Add-Todo"
        name="task"
        placeholder="Todo"
        type="text"
        value=""
      />
      <button>
        Add Todo
      </button>
    </form>
  </div>
</DocumentFragment>
`;
